Built dist: 17 desktop pages, 2 received releases.
Built dist: 17 desktop pages, 2 received releases.
✖ dist serves all deep entries, module imports and release bytes; maintenance paths are absent (3674.1915ms)
✔ clean input copy builds without art or other projects; invalid release preserves previous dist (432.863ms)
✔ built release receipts match every published package file (2.6073ms)
(node:27584) ExperimentalWarning: VM Modules is an experimental feature and might change at any time
(Use `node --trace-warnings ...` to show where the warning was created)
Desktop regression assertions: 231
✔ desktop windows, routes, themes and persistent state after module migration (498.4075ms)
(node:24004) ExperimentalWarning: VM Modules is an experimental feature and might change at any time
(Use `node --trace-warnings ...` to show where the warning was created)
✔ book/volume README precede chapters; branches and whole directory collapse without changing the reading window (39.4077ms)
✔ direct chapter entry, safe Markdown rendering, shared icon, chapter links and desktop history retain reader state (14.7445ms)
✔ keyboard and menu-bar buttons skip README across volumes and respect active window, menus and boundaries (15.9872ms)
✔ reader placeholder menus switch without flipping chapters, dismiss predictably and release their listeners (13.6005ms)
✔ late loads never replace a newer chapter or a closed window; failed chapter can be retried (23.1571ms)
✔ two novel windows keep independent chapter URLs and keyboard listeners (12.5855ms)
✔ Markdown profile excludes code-block links and supports documented basic blocks (0.9896ms)
✔ current release supports 15 to 16 chapters and source revisions without retaining old files (56.6702ms)
✔ novel v2 rejects missing chapter (11.309ms)
✔ novel v2 rejects duplicate chapter route (13.7801ms)
✔ novel v2 rejects volume chapter route collision (13.2811ms)
✔ novel v2 rejects duplicate README file (9.6131ms)
✔ novel v2 rejects missing book README (9.9091ms)
✔ novel v2 rejects missing volume README (9.5905ms)
✔ novel v2 rejects private draft (7.7998ms)
✔ novel v2 rejects path traversal (15.7732ms)
✔ novel v2 rejects TXT chapter (9.0598ms)
✔ novel v2 rejects TXT README (12.8443ms)
✔ novel v2 rejects legacy schema (8.4285ms)
✔ novel v2 rejects unsupported configuration (12.4333ms)
✔ novel v2 rejects no volumes (9.0356ms)
✔ novel v2 rejects no chapters (9.1634ms)
✔ novel v2 rejects empty Markdown (6.1843ms)
✔ novel v2 rejects invalid UTF-8 (6.557ms)
✔ novel v2 rejects unpublished document link (9.7074ms)
✔ novel v2 rejects false PNG icon (5.0066ms)
✔ Markdown images resolve from package root; published document links and reused images validate (14.7174ms)
✔ standalone v2 contract works outside website source; bundled two-volume five-chapter example validates (103.5504ms)
ℹ tests 32
ℹ suites 0
ℹ pass 31
ℹ fail 1
ℹ cancelled 0
ℹ skipped 0
ℹ todo 0
ℹ duration_ms 5475.4971

✖ failing tests:

test at tests\build.test.mjs:12:1
✖ dist serves all deep entries, module imports and release bytes; maintenance paths are absent (3674.1915ms)
  Error: ENOENT: no such file or directory, open 'D:\01_SmallProjects\yigrass.github.io\dist\assets\wallpapers\ocean-capsule-pixelart-v2.png'
      at async open (node:internal/fs/promises:697:25)
      at async Object.readFile (node:internal/fs/promises:1348:14)
      at async TestContext.<anonymous> (file:///D:/01_SmallProjects/yigrass.github.io/tests/build.test.mjs:34:20)
      at async Test.run (node:internal/test_runner/test:1389:7)
      at async startSubtestAfterBootstrap (node:internal/test_runner/harness:387:3) {
    errno: -4058,
    code: 'ENOENT',
    syscall: 'open',
    path: 'D:\\01_SmallProjects\\yigrass.github.io\\dist\\assets\\wallpapers\\ocean-capsule-pixelart-v2.png'
  }
file:///D:/01_SmallProjects/yigrass.github.io/scripts/check.mjs:10
  if (result.status !== 0) throw new Error(`Check failed: ${command} ${args.join(' ')}`);
                                 ^

Error: Check failed: C:\Users\a\AppData\Local\Programs\nodejs\node-v24.19.0-win-x64\node.exe --experimental-vm-modules --test --test-concurrency=1 tests/build.test.mjs tests/desktop.test.mjs tests/reader.test.mjs tests/releases.test.mjs
    at run (file:///D:/01_SmallProjects/yigrass.github.io/scripts/check.mjs:10:34)
    at file:///D:/01_SmallProjects/yigrass.github.io/scripts/check.mjs:17:1

Node.js v24.19.0
