Processing 3d_graphics_file.png
Processing 3d_graphics_program.png
Processing aseprite.png
Processing aseprite_file.png
Processing audio_editor.png
Processing audio_file.png
Processing audio_music_file.png
Processing briefcase.png
Processing calculator.png
Processing calendar.png
Processing camera.png
Processing cd_drive.png
Processing chrome.png
Processing clock.png
Processing contact_book.png
Processing discord.png
Processing drive.png
Processing firefox.png
Processing flop_drive.png
Processing folder_closed.png
Processing folder_dark.png
Processing folder_open.png
Processing games.png
Processing github.png
Processing image_editor.png
Processing image_file.png
Processing mail.png
Processing microphone.png
Processing minecraft.png
Processing movies.png
Processing music.png
Processing news.png
Processing notepad.png
Processing paint.png
Processing paint_alt.png
Processing parsec.png
Processing password_manager.png
Processing phone.png
Processing printer.png
Processing program.png
Processing recycle_bin_empty.png
Processing recycle_bin_full.png
Processing rich_text_file.png
Processing script_file.png
Processing search.png
Processing slack.png
Processing sounds.png
Processing spreadsheet_file.png
Processing spreadsheet_program.png
Processing stardew_valley.png
Processing steam.png
Processing sticky_note.png
Processing text_editor.png
Processing text_file.png
Processing text_file_2.png
Processing this_computer.png
Processing tools.png
Processing video_editor.png
Processing video_file.png
Processing video_movie_editor.png
Processing vlc.png
Processing webpage_file.png
Processing workspace.png
Processing world.png
Processed 64 icons

