Processing 3d_graphics_file.png
Aseprite can't save "D:\01_SmallProjects\yigrass.github.io\qa\soft-icon-palette-application\sprites\3d_graphics_file.aseprite\1" file ("")
Processing 3d_graphics_program.png
Aseprite can't save "D:\01_SmallProjects\yigrass.github.io\qa\soft-icon-palette-application\sprites\3d_graphics_program.aseprite\1" file ("")
Processing aseprite.png
Aseprite can't save "D:\01_SmallProjects\yigrass.github.io\qa\soft-icon-palette-application\sprites\aseprite.aseprite\1" file ("")
Processing aseprite_file.png
Aseprite can't save "D:\01_SmallProjects\yigrass.github.io\qa\soft-icon-palette-application\sprites\aseprite_file.aseprite\1" file ("")
Processing audio_editor.png
Aseprite can't save "D:\01_SmallProjects\yigrass.github.io\qa\soft-icon-palette-application\sprites\audio_editor.aseprite\1" file ("")
Processing audio_file.png
Aseprite can't save "D:\01_SmallProjects\yigrass.github.io\qa\soft-icon-palette-application\sprites\audio_file.aseprite\1" file ("")
Processing audio_music_file.png
Aseprite can't save "D:\01_SmallProjects\yigrass.github.io\qa\soft-icon-palette-application\sprites\audio_music_file.aseprite\1" file ("")
Processing briefcase.png
Aseprite can't save "D:\01_SmallProjects\yigrass.github.io\qa\soft-icon-palette-application\sprites\briefcase.aseprite\1" file ("")
Processing calculator.png
Aseprite can't save "D:\01_SmallProjects\yigrass.github.io\qa\soft-icon-palette-application\sprites\calculator.aseprite\1" file ("")
Processing calendar.png
Aseprite can't save "D:\01_SmallProjects\yigrass.github.io\qa\soft-icon-palette-application\sprites\calendar.aseprite\1" file ("")
Processing camera.png
Aseprite can't save "D:\01_SmallProjects\yigrass.github.io\qa\soft-icon-palette-application\sprites\camera.aseprite\1" file ("")
Processing cd_drive.png
Aseprite can't save "D:\01_SmallProjects\yigrass.github.io\qa\soft-icon-palette-application\sprites\cd_drive.aseprite\1" file ("")
Processing chrome.png
Aseprite can't save "D:\01_SmallProjects\yigrass.github.io\qa\soft-icon-palette-application\sprites\chrome.aseprite\1" file ("")
Processing clock.png
Aseprite can't save "D:\01_SmallProjects\yigrass.github.io\qa\soft-icon-palette-application\sprites\clock.aseprite\1" file ("")
Processing contact_book.png
Aseprite can't save "D:\01_SmallProjects\yigrass.github.io\qa\soft-icon-palette-application\sprites\contact_book.aseprite\1" file ("")
Processing discord.png
Aseprite can't save "D:\01_SmallProjects\yigrass.github.io\qa\soft-icon-palette-application\sprites\discord.aseprite\1" file ("")
Processing drive.png
Aseprite can't save "D:\01_SmallProjects\yigrass.github.io\qa\soft-icon-palette-application\sprites\drive.aseprite\1" file ("")
Processing firefox.png
Aseprite can't save "D:\01_SmallProjects\yigrass.github.io\qa\soft-icon-palette-application\sprites\firefox.aseprite\1" file ("")
Processing flop_drive.png
Aseprite can't save "D:\01_SmallProjects\yigrass.github.io\qa\soft-icon-palette-application\sprites\flop_drive.aseprite\1" file ("")
Processing folder_closed.png
Aseprite can't save "D:\01_SmallProjects\yigrass.github.io\qa\soft-icon-palette-application\sprites\folder_closed.aseprite\1" file ("")
Processing folder_dark.png
Aseprite can't save "D:\01_SmallProjects\yigrass.github.io\qa\soft-icon-palette-application\sprites\folder_dark.aseprite\1" file ("")
Processing folder_open.png
Aseprite can't save "D:\01_SmallProjects\yigrass.github.io\qa\soft-icon-palette-application\sprites\folder_open.aseprite\1" file ("")
Processing games.png
Aseprite can't save "D:\01_SmallProjects\yigrass.github.io\qa\soft-icon-palette-application\sprites\games.aseprite\1" file ("")
Processing github.png
Aseprite can't save "D:\01_SmallProjects\yigrass.github.io\qa\soft-icon-palette-application\sprites\github.aseprite\1" file ("")
Processing image_editor.png
Aseprite can't save "D:\01_SmallProjects\yigrass.github.io\qa\soft-icon-palette-application\sprites\image_editor.aseprite\1" file ("")
Processing image_file.png
Aseprite can't save "D:\01_SmallProjects\yigrass.github.io\qa\soft-icon-palette-application\sprites\image_file.aseprite\1" file ("")
Processing mail.png
Aseprite can't save "D:\01_SmallProjects\yigrass.github.io\qa\soft-icon-palette-application\sprites\mail.aseprite\1" file ("")
Processing microphone.png
Aseprite can't save "D:\01_SmallProjects\yigrass.github.io\qa\soft-icon-palette-application\sprites\microphone.aseprite\1" file ("")
Processing minecraft.png
Aseprite can't save "D:\01_SmallProjects\yigrass.github.io\qa\soft-icon-palette-application\sprites\minecraft.aseprite\1" file ("")
Processing movies.png
Aseprite can't save "D:\01_SmallProjects\yigrass.github.io\qa\soft-icon-palette-application\sprites\movies.aseprite\1" file ("")
Processing music.png
Aseprite can't save "D:\01_SmallProjects\yigrass.github.io\qa\soft-icon-palette-application\sprites\music.aseprite\1" file ("")
Processing news.png
Aseprite can't save "D:\01_SmallProjects\yigrass.github.io\qa\soft-icon-palette-application\sprites\news.aseprite\1" file ("")
Processing notepad.png
Aseprite can't save "D:\01_SmallProjects\yigrass.github.io\qa\soft-icon-palette-application\sprites\notepad.aseprite\1" file ("")
Processing paint.png
Aseprite can't save "D:\01_SmallProjects\yigrass.github.io\qa\soft-icon-palette-application\sprites\paint.aseprite\1" file ("")
Processing paint_alt.png
Aseprite can't save "D:\01_SmallProjects\yigrass.github.io\qa\soft-icon-palette-application\sprites\paint_alt.aseprite\1" file ("")
Processing parsec.png
Aseprite can't save "D:\01_SmallProjects\yigrass.github.io\qa\soft-icon-palette-application\sprites\parsec.aseprite\1" file ("")
Processing password_manager.png
Aseprite can't save "D:\01_SmallProjects\yigrass.github.io\qa\soft-icon-palette-application\sprites\password_manager.aseprite\1" file ("")
Processing phone.png
Aseprite can't save "D:\01_SmallProjects\yigrass.github.io\qa\soft-icon-palette-application\sprites\phone.aseprite\1" file ("")
Processing printer.png
Aseprite can't save "D:\01_SmallProjects\yigrass.github.io\qa\soft-icon-palette-application\sprites\printer.aseprite\1" file ("")
Processing program.png
Aseprite can't save "D:\01_SmallProjects\yigrass.github.io\qa\soft-icon-palette-application\sprites\program.aseprite\1" file ("")
Processing recycle_bin_empty.png
Aseprite can't save "D:\01_SmallProjects\yigrass.github.io\qa\soft-icon-palette-application\sprites\recycle_bin_empty.aseprite\1" file ("")
Processing recycle_bin_full.png
Aseprite can't save "D:\01_SmallProjects\yigrass.github.io\qa\soft-icon-palette-application\sprites\recycle_bin_full.aseprite\1" file ("")
Processing rich_text_file.png
Aseprite can't save "D:\01_SmallProjects\yigrass.github.io\qa\soft-icon-palette-application\sprites\rich_text_file.aseprite\1" file ("")
Processing script_file.png
Aseprite can't save "D:\01_SmallProjects\yigrass.github.io\qa\soft-icon-palette-application\sprites\script_file.aseprite\1" file ("")
Processing search.png
Aseprite can't save "D:\01_SmallProjects\yigrass.github.io\qa\soft-icon-palette-application\sprites\search.aseprite\1" file ("")
Processing slack.png
Aseprite can't save "D:\01_SmallProjects\yigrass.github.io\qa\soft-icon-palette-application\sprites\slack.aseprite\1" file ("")
Processing sounds.png
Aseprite can't save "D:\01_SmallProjects\yigrass.github.io\qa\soft-icon-palette-application\sprites\sounds.aseprite\1" file ("")
Processing spreadsheet_file.png
Aseprite can't save "D:\01_SmallProjects\yigrass.github.io\qa\soft-icon-palette-application\sprites\spreadsheet_file.aseprite\1" file ("")
Processing spreadsheet_program.png
Aseprite can't save "D:\01_SmallProjects\yigrass.github.io\qa\soft-icon-palette-application\sprites\spreadsheet_program.aseprite\1" file ("")
Processing stardew_valley.png
Aseprite can't save "D:\01_SmallProjects\yigrass.github.io\qa\soft-icon-palette-application\sprites\stardew_valley.aseprite\1" file ("")
Processing steam.png
Aseprite can't save "D:\01_SmallProjects\yigrass.github.io\qa\soft-icon-palette-application\sprites\steam.aseprite\1" file ("")
Processing sticky_note.png
Aseprite can't save "D:\01_SmallProjects\yigrass.github.io\qa\soft-icon-palette-application\sprites\sticky_note.aseprite\1" file ("")
Processing text_editor.png
Aseprite can't save "D:\01_SmallProjects\yigrass.github.io\qa\soft-icon-palette-application\sprites\text_editor.aseprite\1" file ("")
Processing text_file.png
Aseprite can't save "D:\01_SmallProjects\yigrass.github.io\qa\soft-icon-palette-application\sprites\text_file.aseprite\1" file ("")
Processing text_file_2.png
Aseprite can't save "D:\01_SmallProjects\yigrass.github.io\qa\soft-icon-palette-application\sprites\text_file_2.aseprite\1" file ("")
Processing this_computer.png
Aseprite can't save "D:\01_SmallProjects\yigrass.github.io\qa\soft-icon-palette-application\sprites\this_computer.aseprite\1" file ("")
Processing tools.png
Aseprite can't save "D:\01_SmallProjects\yigrass.github.io\qa\soft-icon-palette-application\sprites\tools.aseprite\1" file ("")
Processing video_editor.png
Aseprite can't save "D:\01_SmallProjects\yigrass.github.io\qa\soft-icon-palette-application\sprites\video_editor.aseprite\1" file ("")
Processing video_file.png
Aseprite can't save "D:\01_SmallProjects\yigrass.github.io\qa\soft-icon-palette-application\sprites\video_file.aseprite\1" file ("")
Processing video_movie_editor.png
Aseprite can't save "D:\01_SmallProjects\yigrass.github.io\qa\soft-icon-palette-application\sprites\video_movie_editor.aseprite\1" file ("")
Processing vlc.png
Aseprite can't save "D:\01_SmallProjects\yigrass.github.io\qa\soft-icon-palette-application\sprites\vlc.aseprite\1" file ("")
Processing webpage_file.png
Aseprite can't save "D:\01_SmallProjects\yigrass.github.io\qa\soft-icon-palette-application\sprites\webpage_file.aseprite\1" file ("")
Processing workspace.png
Aseprite can't save "D:\01_SmallProjects\yigrass.github.io\qa\soft-icon-palette-application\sprites\workspace.aseprite\1" file ("")
Processing world.png
Aseprite can't save "D:\01_SmallProjects\yigrass.github.io\qa\soft-icon-palette-application\sprites\world.aseprite\1" file ("")
Processed 64 icons

