Built dist: 17 desktop pages, 2 received releases.
Built dist: 17 desktop pages, 2 received releases.
✔ dist serves all deep entries, module imports and release bytes; maintenance paths are absent (3698.034ms)
✔ clean input copy builds without art or other projects; invalid release preserves previous dist (496.0297ms)
✔ built release receipts match every published package file (3.5021ms)
(node:20376) ExperimentalWarning: VM Modules is an experimental feature and might change at any time
(Use `node --trace-warnings ...` to show where the warning was created)
Desktop regression assertions: 231
✔ desktop windows, routes, themes and persistent state after module migration (522.775ms)
(node:5064) ExperimentalWarning: VM Modules is an experimental feature and might change at any time
(Use `node --trace-warnings ...` to show where the warning was created)
✔ book/volume README precede chapters; branches and whole directory collapse without changing the reading window (40.7195ms)
✔ direct chapter entry, safe Markdown rendering, shared icon, chapter links and desktop history retain reader state (15.1288ms)
✔ keyboard and menu-bar buttons skip README across volumes and respect active window, menus and boundaries (15.3939ms)
✔ reader placeholder menus switch without flipping chapters, dismiss predictably and release their listeners (12.9539ms)
✔ late loads never replace a newer chapter or a closed window; failed chapter can be retried (23.4334ms)
✔ two novel windows keep independent chapter URLs and keyboard listeners (12.5251ms)
✔ Markdown profile excludes code-block links and supports documented basic blocks (1.2828ms)
✔ current release supports 15 to 16 chapters and source revisions without retaining old files (46.781ms)
✔ novel v2 rejects missing chapter (7.3358ms)
✔ novel v2 rejects duplicate chapter route (5.1125ms)
✔ novel v2 rejects volume chapter route collision (5.8885ms)
✔ novel v2 rejects duplicate README file (5.449ms)
✔ novel v2 rejects missing book README (5.2839ms)
✔ novel v2 rejects missing volume README (5.4314ms)
✔ novel v2 rejects private draft (6.9394ms)
✔ novel v2 rejects path traversal (4.9666ms)
✔ novel v2 rejects TXT chapter (5.161ms)
✔ novel v2 rejects TXT README (13.9006ms)
✔ novel v2 rejects legacy schema (5.037ms)
✔ novel v2 rejects unsupported configuration (4.7337ms)
✔ novel v2 rejects no volumes (5.2799ms)
✔ novel v2 rejects no chapters (7.2066ms)
✔ novel v2 rejects empty Markdown (6.2893ms)
✔ novel v2 rejects invalid UTF-8 (6.6415ms)
✔ novel v2 rejects unpublished document link (6.5019ms)
✔ novel v2 rejects false PNG icon (5.6475ms)
✔ Markdown images resolve from package root; published document links and reused images validate (9.7596ms)
✔ standalone v2 contract works outside website source; bundled two-volume five-chapter example validates (104.9339ms)
ℹ tests 32
ℹ suites 0
ℹ pass 32
ℹ fail 0
ℹ cancelled 0
ℹ skipped 0
ℹ todo 0
ℹ duration_ms 5508.481
Generated task view is current.
Task controls passed.
Source, release, built-site and task-control checks passed.
